../Core/Src/main.cpp:123:5:int main()	8	static
../Core/Src/main.cpp:198:6:void SystemClock_Config()	88	static
../Core/Src/main.cpp:244:13:void MX_ADC1_Init()	24	static
../Core/Src/main.cpp:296:13:void MX_I2C1_Init()	8	static
../Core/Src/main.cpp:330:13:void MX_TIM2_Init()	32	static
../Core/Src/main.cpp:382:13:void MX_TIM3_Init()	48	static
../Core/Src/main.cpp:443:13:void MX_USART6_UART_Init()	8	static
../Core/Src/main.cpp:476:13:void MX_GPIO_Init()	48	static
../Core/Src/main.cpp:540:6:void Error_Handler()	4	static,ignoring_inline_asm
../Core/Src/main.cpp:549:1:void __static_initialization_and_destruction_0(int, int)	40	static
../Core/Src/main.cpp:549:1:cpp)	8	static
