../Core/Src/main.cpp:128:5:int main()	8	static
../Core/Src/main.cpp:203:6:void SystemClock_Config()	88	static
../Core/Src/main.cpp:249:13:void MX_ADC1_Init()	24	static
../Core/Src/main.cpp:301:13:void MX_I2C1_Init()	8	static
../Core/Src/main.cpp:335:13:void MX_TIM2_Init()	32	static
../Core/Src/main.cpp:387:13:void MX_TIM3_Init()	48	static
../Core/Src/main.cpp:448:13:void MX_USART6_UART_Init()	8	static
../Core/Src/main.cpp:481:13:void MX_GPIO_Init()	48	static
../Core/Src/main.cpp:545:6:void Error_Handler()	4	static,ignoring_inline_asm
../Core/Src/main.cpp:554:1:void __static_initialization_and_destruction_0(int, int)	16	static
../Core/Src/main.cpp:554:1:cpp)	8	static
