../Core/Src/bno055.cpp:21:6:void bno055_setPage(uint8_t)	16	static
../Core/Src/bno055.cpp:23:17:bno055_opmode_t bno055_getOperationMode()	16	static
../Core/Src/bno055.cpp:29:6:void bno055_setOperationMode(bno055_opmode_t)	16	static
../Core/Src/bno055.cpp:38:6:void bno055_setOperationModeConfig()	8	static
../Core/Src/bno055.cpp:42:6:void bno055_setOperationModeNDOF()	8	static
../Core/Src/bno055.cpp:46:6:void bno055_setExternalCrystalUse(bool)	24	static
../Core/Src/bno055.cpp:55:6:void bno055_enableExternalCrystal()	8	static
../Core/Src/bno055.cpp:56:6:void bno055_disableExternalCrystal()	8	static
../Core/Src/bno055.cpp:58:6:void bno055_reset()	8	static
../Core/Src/bno055.cpp:63:8:int8_t bno055_getTemp()	16	static
../Core/Src/bno055.cpp:70:6:void bno055_setup()	16	static
../Core/Src/bno055.cpp:86:9:int16_t bno055_getSWRevision()	16	static
../Core/Src/bno055.cpp:93:9:uint8_t bno055_getBootloaderRevision()	16	static
../Core/Src/bno055.cpp:100:9:uint8_t bno055_getSystemStatus()	16	static
../Core/Src/bno055.cpp:107:27:bno055_self_test_result_t bno055_getSelfTestResult()	24	static
../Core/Src/bno055.cpp:120:9:uint8_t bno055_getSystemError()	16	static
../Core/Src/bno055.cpp:127:28:bno055_calibration_state_t bno055_getCalibrationState()	24	static
../Core/Src/bno055.cpp:140:27:bno055_calibration_data_t bno055_getCalibrationData()	40	static
../Core/Src/bno055.cpp:161:6:void bno055_setCalibrationData(bno055_calibration_data_t)	32	static
../Core/Src/bno055.cpp:182:17:bno055_vector_t bno055_getVector(uint8_t)	144	static
../Core/Src/bno055.cpp:221:17:bno055_vector_t bno055_getVectorAccelerometer()	88	static
../Core/Src/bno055.cpp:224:17:bno055_vector_t bno055_getVectorMagnetometer()	88	static
../Core/Src/bno055.cpp:227:17:bno055_vector_t bno055_getVectorGyroscope()	88	static
../Core/Src/bno055.cpp:230:17:bno055_vector_t bno055_getVectorEuler()	88	static
../Core/Src/bno055.cpp:233:17:bno055_vector_t bno055_getVectorLinearAccel()	88	static
../Core/Src/bno055.cpp:236:17:bno055_vector_t bno055_getVectorGravity()	88	static
../Core/Src/bno055.cpp:239:17:bno055_vector_t bno055_getVectorQuaternion()	88	static
../Core/Src/bno055.cpp:243:6:void bno055_setAxisMap(bno055_axis_map_t)	24	static
