../Core/Inc/bno055_stm32.h:22:6:void bno055_assignI2C(I2C_HandleTypeDef*)	16	static
../Core/Inc/bno055_stm32.h:26:6:void bno055_delay(int)	16	static
../Core/Inc/bno055_stm32.h:34:6:void bno055_writeData(uint8_t, uint8_t)	40	static
../Core/Inc/bno055_stm32.h:98:6:void bno055_readData(uint8_t, uint8_t*, uint8_t)	24	static
../Core/Src/main.cpp:124:5:int main()	8	static
../Core/Src/main.cpp:204:6:void SystemClock_Config()	88	static
../Core/Src/main.cpp:250:13:void MX_ADC1_Init()	24	static
../Core/Src/main.cpp:302:13:void MX_I2C1_Init()	8	static
../Core/Src/main.cpp:336:13:void MX_TIM2_Init()	32	static
../Core/Src/main.cpp:388:13:void MX_TIM3_Init()	48	static
../Core/Src/main.cpp:449:13:void MX_USART6_UART_Init()	8	static
../Core/Src/main.cpp:482:13:void MX_GPIO_Init()	48	static
../Core/Src/main.cpp:546:6:void Error_Handler()	4	static,ignoring_inline_asm
../Core/Src/main.cpp:555:1:void __static_initialization_and_destruction_0(int, int)	40	static
../Core/Src/main.cpp:555:1:cpp)	8	static
