../Core/Inc/bno055_stm32.h:22:6:void bno055_assignI2C(I2C_HandleTypeDef*)	16	static
../Core/Inc/bno055_stm32.h:26:6:void bno055_delay(int)	16	static
../Core/Inc/bno055_stm32.h:34:6:void bno055_writeData(uint8_t, uint8_t)	40	static
../Core/Inc/bno055_stm32.h:98:6:void bno055_readData(uint8_t, uint8_t*, uint8_t)	24	static
../Core/Src/main.cpp:132:5:int main()	8	static
../Core/Src/main.cpp:217:6:void SystemClock_Config()	88	static
../Core/Src/main.cpp:263:13:void MX_ADC1_Init()	24	static
../Core/Src/main.cpp:315:13:void MX_I2C1_Init()	8	static
../Core/Src/main.cpp:349:13:void MX_TIM2_Init()	32	static
../Core/Src/main.cpp:401:13:void MX_TIM3_Init()	48	static
../Core/Src/main.cpp:462:13:void MX_USART6_UART_Init()	8	static
../Core/Src/main.cpp:495:13:void MX_GPIO_Init()	48	static
../Core/Src/main.cpp:559:6:void Error_Handler()	4	static,ignoring_inline_asm
../Core/Src/main.cpp:568:1:void __static_initialization_and_destruction_0(int, int)	40	static
../Core/Src/main.cpp:568:1:cpp)	8	static
