00:02:40 **** Incremental Build of configuration Debug for project SumoBot_2 ****
make -j16 all 
arm-none-eabi-g++ "../Core/Src/main.cpp" -mcpu=cortex-m4 -std=gnu++14 -g3 -DDEBUG -DUSE_HAL_DRIVER -DSTM32F411xE -c -I../Core/Inc -I../Drivers/STM32F4xx_HAL_Driver/Inc -I../Drivers/STM32F4xx_HAL_Driver/Inc/Legacy -I../Drivers/CMSIS/Device/ST/STM32F4xx/Include -I../Drivers/CMSIS/Include -O0 -ffunction-sections -fdata-sections -fno-exceptions -fno-rtti -fno-use-cxa-atexit -Wall -fstack-usage -MMD -MP -MF"Core/Src/main.d" -MT"Core/Src/main.o" --specs=nano.specs -mfpu=fpv4-sp-d16 -mfloat-abi=hard -mthumb -o "Core/Src/main.o"
arm-none-eabi-g++ "../Core/Src/taskTesting.cpp" -mcpu=cortex-m4 -std=gnu++14 -g3 -DDEBUG -DUSE_HAL_DRIVER -DSTM32F411xE -c -I../Core/Inc -I../Drivers/STM32F4xx_HAL_Driver/Inc -I../Drivers/STM32F4xx_HAL_Driver/Inc/Legacy -I../Drivers/CMSIS/Device/ST/STM32F4xx/Include -I../Drivers/CMSIS/Include -O0 -ffunction-sections -fdata-sections -fno-exceptions -fno-rtti -fno-use-cxa-atexit -Wall -fstack-usage -MMD -MP -MF"Core/Src/taskTesting.d" -MT"Core/Src/taskTesting.o" --specs=nano.specs -mfpu=fpv4-sp-d16 -mfloat-abi=hard -mthumb -o "Core/Src/taskTesting.o"
arm-none-eabi-g++ -o "SumoBot_2.elf" @"objects.list"   -mcpu=cortex-m4 -T"C:\Data\School\2022 Summer_Fall\ME 507\ME 507 CODE\SumoBot_2\STM32F411CEUX_FLASH.ld" --specs=nosys.specs -Wl,-Map="SumoBot_2.map" -Wl,--gc-sections -static --specs=nano.specs -mfpu=fpv4-sp-d16 -mfloat-abi=hard -mthumb -Wl,--start-group -lc -lm -lstdc++ -lsupc++ -Wl,--end-group
Finished building target: SumoBot_2.elf
 
arm-none-eabi-size   SumoBot_2.elf 
arm-none-eabi-objdump -h -S  SumoBot_2.elf  > "SumoBot_2.list"
   text	   data	    bss	    dec	    hex	filename
  30964	    128	   2172	  33264	   81f0	SumoBot_2.elf
Finished building: default.size.stdout
 
Finished building: SumoBot_2.list
 
