16:02:18 **** Incremental Build of configuration Debug for project Lab 3 ****
make -j16 all 
arm-none-eabi-gcc "../Core/Src/main.c" -mcpu=cortex-m4 -std=gnu11 -g3 -DDEBUG -DUSE_HAL_DRIVER -DSTM32F411xE -c -I../Core/Inc -I../Drivers/STM32F4xx_HAL_Driver/Inc -I../Drivers/STM32F4xx_HAL_Driver/Inc/Legacy -I../Drivers/CMSIS/Device/ST/STM32F4xx/Include -I../Drivers/CMSIS/Include -O0 -ffunction-sections -fdata-sections -Wall -fstack-usage -MMD -MP -MF"Core/Src/main.d" -MT"Core/Src/main.o" --specs=nano.specs -mfpu=fpv4-sp-d16 -mfloat-abi=hard -mthumb -o "Core/Src/main.o"
arm-none-eabi-gcc -o "Lab 3.elf" @"objects.list"   -mcpu=cortex-m4 -T"C:\Data\School\2022 Summer_Fall\ME 507\ME 507 CODE\Lab 3\STM32F411CEUX_FLASH.ld" --specs=nosys.specs -Wl,-Map="Lab 3.map" -Wl,--gc-sections -static --specs=nano.specs -mfpu=fpv4-sp-d16 -mfloat-abi=hard -mthumb -Wl,--start-group -lc -lm -Wl,--end-group
Finished building target: Lab 3.elf
 
arm-none-eabi-size   Lab\ 3.elf 
arm-none-eabi-objdump -h -S  Lab\ 3.elf  > "Lab 3.list"
   text	   data	    bss	    dec	    hex	filename
  10680	     20	   1644	  12344	   3038	Lab 3.elf
Finished building: default.size.stdout
 
Finished building: Lab 3.list
 

16:02:19 Build Finished. 0 errors, 0 warnings. (took 1s.142ms)

